Copyright 1986-2022 Xilinx, Inc. All Rights Reserved. Copyright 2022-2025 Advanced Micro Devices, Inc. All Rights Reserved.
---------------------------------------------------------------------------------------------------------------------------------------------
| Tool Version : Vivado v.2025.2 (lin64) Build 6299465 Fri Nov 14 12:34:56 MST 2025
| Date         : Mon Mar 23 14:40:18 2026
| Host         : rocco running 64-bit Ubuntu 24.04.4 LTS
| Command      : report_control_sets -verbose -file top_v4_control_sets_placed.rpt
| Design       : top_v4
| Device       : xc7a35t
---------------------------------------------------------------------------------------------------------------------------------------------

Control Set Information

Table of Contents
-----------------
1. Summary
2. Histogram
3. Flip-Flop Distribution
4. Detailed Control Set Information

1. Summary
----------

+----------------------------------------------------------+-------+
|                          Status                          | Count |
+----------------------------------------------------------+-------+
| Total control sets                                       |    69 |
|    Minimum number of control sets                        |    69 |
|    Addition due to synthesis replication                 |     0 |
|    Addition due to physical synthesis replication        |     0 |
| Unused register locations in slices containing registers |   246 |
+----------------------------------------------------------+-------+
* Control sets can be merged at opt_design using control_set_merge or merge_equivalent_drivers
** Run report_qor_suggestions for automated merging and remapping suggestions


2. Histogram
------------

+--------------------+-------+
|       Fanout       | Count |
+--------------------+-------+
| Total control sets |    69 |
| >= 0 to < 4        |    14 |
| >= 4 to < 6        |    11 |
| >= 6 to < 8        |    12 |
| >= 8 to < 10       |    14 |
| >= 10 to < 12      |     6 |
| >= 12 to < 14      |     0 |
| >= 14 to < 16      |     0 |
| >= 16              |    12 |
+--------------------+-------+
* Control sets can be remapped at either synth_design or opt_design


3. Flip-Flop Distribution
-------------------------

+--------------+-----------------------+------------------------+-----------------+--------------+
| Clock Enable | Synchronous Set/Reset | Asynchronous Set/Reset | Total Registers | Total Slices |
+--------------+-----------------------+------------------------+-----------------+--------------+
| No           | No                    | No                     |             127 |           62 |
| No           | No                    | Yes                    |               0 |            0 |
| No           | Yes                   | No                     |             137 |           39 |
| Yes          | No                    | No                     |             478 |          155 |
| Yes          | No                    | Yes                    |               0 |            0 |
| Yes          | Yes                   | No                     |             124 |           44 |
+--------------+-----------------------+------------------------+-----------------+--------------+


4. Detailed Control Set Information
-----------------------------------

+---------------------------------------------------------------------------+----------------------------------------------------------------------------------------------------------------+------------------------------------------------------------------------------------------------+------------------+----------------+--------------+
|                                Clock Signal                               |                                                  Enable Signal                                                 |                                        Set/Reset Signal                                        | Slice Load Count | Bel Load Count | Bels / Slice |
+---------------------------------------------------------------------------+----------------------------------------------------------------------------------------------------------------+------------------------------------------------------------------------------------------------+------------------+----------------+--------------+
|  base/inst/clk_out1                                                       | u_tx/tx_reg_i_1_n_0                                                                                            |                                                                                                |                1 |              1 |         1.00 |
|  u_clk_sel/u_clk_reconfig/u_clk_wiz/inst/CLK_CORE_DRP_I/clk_inst/clk_out1 | scan_chain_controller/SCAN_SEL_i_1_n_0                                                                         |                                                                                                |                1 |              1 |         1.00 |
|  u_clk_sel/u_clk_reconfig/u_clk_wiz/inst/CLK_CORE_DRP_I/clk_inst/clk_out1 | scan_chain_controller/SCAN_CLK_i_1_n_0                                                                         |                                                                                                |                1 |              1 |         1.00 |
|  u_clk_sel/u_clk_reconfig/u_clk_wiz/inst/CLK_CORE_DRP_I/clk_inst/clk_out1 | DAC_CS1_out                                                                                                    |                                                                                                |                1 |              1 |         1.00 |
|  u_clk_sel/u_clk_reconfig/u_clk_wiz/inst/CLK_CORE_DRP_I/clk_inst/clk_out1 | DAC_SDI2_out                                                                                                   |                                                                                                |                1 |              1 |         1.00 |
|  u_clk_sel/u_clk_reconfig/u_clk_wiz/inst/CLK_CORE_DRP_I/clk_inst/clk_out1 | u_adc/ADC_ENC_i_1_n_0                                                                                          |                                                                                                |                1 |              1 |         1.00 |
|  u_clk_sel/u_clk_reconfig/u_clk_wiz/inst/CLK_CORE_DRP_I/clk_inst/clk_out1 | scan_chain_controller/SCAN_RSTB_i_1_n_0                                                                        |                                                                                                |                1 |              1 |         1.00 |
|  u_clk_sel/u_clk_reconfig/u_clk_wiz/inst/CLK_CORE_DRP_I/clk_inst/clk_out1 | u_adc/DATA_LOAD_i_1_n_0                                                                                        |                                                                                                |                1 |              1 |         1.00 |
|  u_clk_sel/u_clk_reconfig/u_clk_wiz/inst/CLK_CORE_DRP_I/clk_inst/clk_out1 | u_adc/ADC_CLK_i_1_n_0                                                                                          |                                                                                                |                1 |              1 |         1.00 |
|  base/inst/clk_out1                                                       | u_clk_sel/u_clk_reconfig/u_clk_wiz/inst/AXI_LITE_IPIF_I/I_SLAVE_ATTACHMENT/I_DECODER/E[0]                      | u_clk_sel/u_clk_reconfig/u_clk_wiz/inst/SOFT_RESET_I/RESET_FLOPS[15].RST_FLOPS_0               |                1 |              1 |         1.00 |
|  u_clk_sel/u_clk_reconfig/u_clk_wiz/inst/CLK_CORE_DRP_I/clk_inst/clk_out1 | scan_chain_controller/SCAN_IN_i_1_n_0                                                                          |                                                                                                |                1 |              1 |         1.00 |
|  base/inst/clk_out1                                                       | u_clk_sel/u_clk_reconfig/u_clk_wiz/inst/AXI_LITE_IPIF_I/I_SLAVE_ATTACHMENT/s_axi_rresp_i[0]                    |                                                                                                |                1 |              1 |         1.00 |
|  u_clk_sel/u_clk_reconfig/u_clk_wiz/inst/CLK_CORE_DRP_I/clk_inst/clk_out1 | u_adc/ADC_SH_i_1_n_0                                                                                           |                                                                                                |                1 |              2 |         2.00 |
|  base/inst/clk_out1                                                       | u_clk_sel/u_clk_reconfig/u_clk_wiz/inst/AXI_LITE_IPIF_I/I_SLAVE_ATTACHMENT/start2                              | u_clk_sel/u_clk_reconfig/u_clk_wiz/inst/AXI_LITE_IPIF_I/I_SLAVE_ATTACHMENT/I_DECODER/cs_ce_clr |                1 |              3 |         3.00 |
|  base/inst/clk_out1                                                       | u_clk_sel/u_clk_reconfig/u_clk_wiz/inst/CLK_CORE_DRP_I/mmcm_drp_inst/ram_addr[4]_i_2_n_0                       | u_clk_sel/u_clk_reconfig/u_clk_wiz/inst/CLK_CORE_DRP_I/mmcm_drp_inst/ram_addr[4]_i_1_n_0       |                2 |              4 |         2.00 |
|  base/inst/clk_out1                                                       | u_clk_sel/u_clk_reconfig/freq_sel_prev_reg[2]                                                                  |                                                                                                |                1 |              4 |         4.00 |
|  base/inst/clk_out1                                                       | u_clk_sel/u_clk_reconfig/FSM_sequential_rc_state[3]_i_1_n_0                                                    |                                                                                                |                1 |              4 |         4.00 |
|  base/inst/clk_out1                                                       | u_clk_sel/u_clk_reconfig/u_clk_wiz/inst/CLK_CORE_DRP_I/mmcm_drp_inst/state_count[4]_i_2_n_0                    | u_clk_sel/u_clk_reconfig/u_clk_wiz/inst/CLK_CORE_DRP_I/mmcm_drp_inst/state_count[4]_i_1_n_0    |                2 |              4 |         2.00 |
|  base/inst/clk_out1                                                       | u_clk_sel/u_clk_reconfig/wr_start                                                                              | u_clk_sel/u_clk_reconfig/wr_data[5]_i_1_n_0                                                    |                1 |              4 |         4.00 |
|  base/inst/clk_out1                                                       | u_baud_match/cnt_15_next[0]                                                                                    |                                                                                                |                2 |              4 |         2.00 |
|  base/inst/clk_out1                                                       | u_baud_match/r_reg_reg[0]_0                                                                                    |                                                                                                |                1 |              4 |         4.00 |
|  u_clk_sel/u_clk_reconfig/u_clk_wiz/inst/CLK_CORE_DRP_I/clk_inst/clk_out1 |                                                                                                                | u_rx/wr_en_reg_reg_0                                                                           |                1 |              5 |         5.00 |
|  u_clk_sel/u_clk_reconfig/u_clk_wiz/inst/CLK_CORE_DRP_I/clk_inst/clk_out1 | cmd_index[4]_i_1_n_0                                                                                           |                                                                                                |                2 |              5 |         2.50 |
|  u_clk_sel/u_clk_reconfig/u_clk_wiz/inst/CLK_CORE_DRP_I/clk_inst/clk_out1 | bit_cnt[4]_i_1_n_0                                                                                             |                                                                                                |                2 |              5 |         2.50 |
|  base/inst/clk_out1                                                       | u_clk_sel/u_clk_reconfig/u_clk_wiz/inst/AXI_LITE_IPIF_I/I_SLAVE_ATTACHMENT/bus2ip_addr_i[10]_i_1_n_0           |                                                                                                |                1 |              5 |         5.00 |
|  base/inst/clk_out1                                                       |                                                                                                                | u_clk_sel/u_clk_reconfig/u_clk_wiz/inst/AXI_LITE_IPIF_I/I_SLAVE_ATTACHMENT/wrack_reg_10        |                2 |              6 |         3.00 |
|  base/inst/clk_out1                                                       | u_clk_sel/u_clk_reconfig/wr_start                                                                              |                                                                                                |                1 |              6 |         6.00 |
|  base/inst/clk_out1                                                       | u_clk_sel/u_clk_reconfig/u_clk_wiz/inst/CLK_CORE_DRP_I/SEN                                                     | u_clk_sel/u_clk_reconfig/u_clk_wiz/inst/CLK_CORE_DRP_I/mmcm_drp_inst/ram[38][13]_i_1_n_0       |                3 |              6 |         2.00 |
|  base/inst/clk_out1                                                       | u_clk_sel/u_clk_reconfig/u_clk_wiz/inst/CLK_CORE_DRP_I/SEN                                                     | u_clk_sel/u_clk_reconfig/u_clk_wiz/inst/CLK_CORE_DRP_I/mmcm_drp_inst/ram[37][7]_i_1_n_0        |                2 |              6 |         3.00 |
|  base/inst/clk_out1                                                       | u_clk_sel/u_clk_reconfig/u_clk_wiz/inst/CLK_CORE_DRP_I/SEN                                                     | u_clk_sel/u_clk_reconfig/u_clk_wiz/inst/CLK_CORE_DRP_I/mmcm_drp_inst/ram[29][7]_i_1_n_0        |                2 |              6 |         3.00 |
|  base/inst/clk_out1                                                       | u_clk_sel/u_clk_reconfig/u_clk_wiz/inst/CLK_CORE_DRP_I/SEN                                                     | u_clk_sel/u_clk_reconfig/u_clk_wiz/inst/CLK_CORE_DRP_I/mmcm_drp_inst/ram[27][7]_i_1_n_0        |                2 |              6 |         3.00 |
|  base/inst/clk_out1                                                       | u_clk_sel/u_clk_reconfig/u_clk_wiz/inst/CLK_CORE_DRP_I/SEN                                                     | u_clk_sel/u_clk_reconfig/u_clk_wiz/inst/CLK_CORE_DRP_I/mmcm_drp_inst/ram[35][7]_i_1_n_0        |                3 |              6 |         2.00 |
|  base/inst/clk_out1                                                       | u_clk_sel/u_clk_reconfig/u_clk_wiz/inst/CLK_CORE_DRP_I/SEN                                                     | u_clk_sel/u_clk_reconfig/u_clk_wiz/inst/CLK_CORE_DRP_I/mmcm_drp_inst/ram[33][7]_i_1_n_0        |                3 |              6 |         2.00 |
|  u_clk_sel/u_clk_reconfig/u_clk_wiz/inst/CLK_CORE_DRP_I/clk_inst/clk_out1 | scan_chain_controller/scan_bit_cnt[0]                                                                          |                                                                                                |                1 |              6 |         6.00 |
|  base/inst/clk_out1                                                       | u_clk_sel/u_clk_reconfig/u_clk_wiz/inst/CLK_CORE_DRP_I/SEN                                                     | u_clk_sel/u_clk_reconfig/u_clk_wiz/inst/CLK_CORE_DRP_I/mmcm_drp_inst/ram[31][7]_i_1_n_0        |                2 |              6 |         3.00 |
|  base/inst/clk_out1                                                       |                                                                                                                | u_clk_sel/u_clk_reconfig/u_clk_wiz/inst/AXI_LITE_IPIF_I/I_SLAVE_ATTACHMENT/clear               |                3 |              7 |         2.33 |
|  base/inst/clk_out1                                                       | u_clk_sel/u_clk_reconfig/u_clk_wiz/inst/CLK_CORE_DRP_I/mmcm_drp_inst/DADDR[6]_i_2_n_0                          | u_clk_sel/u_clk_reconfig/u_clk_wiz/inst/CLK_CORE_DRP_I/mmcm_drp_inst/DADDR[6]_i_1_n_0          |                1 |              7 |         7.00 |
|  base/inst/clk_out1                                                       | u_rx/shift_out_next[0]                                                                                         |                                                                                                |                1 |              8 |         8.00 |
|  base/inst/clk_out1                                                       | u_rx/wr_en_next                                                                                                |                                                                                                |                1 |              8 |         8.00 |
|  base/inst/clk_out1                                                       | u_clk_sel/freq_sel_prev[0]                                                                                     |                                                                                                |                1 |              8 |         8.00 |
|  base/inst/clk_out1                                                       | u_tx/shift_out_reg[7]_i_1_n_0                                                                                  |                                                                                                |                3 |              8 |         2.67 |
|  u_clk_sel/u_clk_reconfig/u_clk_wiz/inst/CLK_CORE_DRP_I/clk_inst/clk_out1 | u_rx/wr_en_reg_reg_1                                                                                           |                                                                                                |                2 |              8 |         4.00 |
|  u_clk_sel/u_clk_reconfig/u_clk_wiz/inst/CLK_CORE_DRP_I/clk_inst/clk_out1 | u_rx/wr_en_reg_reg_2                                                                                           |                                                                                                |                1 |              8 |         8.00 |
|  u_clk_sel/u_clk_reconfig/u_clk_wiz/inst/CLK_CORE_DRP_I/clk_inst/clk_out1 | u_adc/DATA_SCLK_OBUF                                                                                           |                                                                                                |                2 |              8 |         4.00 |
|  u_clk_sel/u_clk_reconfig/u_clk_wiz/inst/CLK_CORE_DRP_I/clk_inst/clk_out1 | u_rx/rx_code_reg[18][0]                                                                                        |                                                                                                |                5 |              8 |         1.60 |
|  u_clk_sel/u_clk_reconfig/u_clk_wiz/inst/CLK_CORE_DRP_I/clk_inst/clk_out1 | u_adc/tx_data_in[7]_i_1_n_0                                                                                    |                                                                                                |                3 |              8 |         2.67 |
|  u_clk_sel/u_clk_reconfig/u_clk_wiz/inst/CLK_CORE_DRP_I/clk_inst/clk_out1 | u_rx/rx_code_reg[18]_0[0]                                                                                      |                                                                                                |                1 |              8 |         8.00 |
|  u_clk_sel/u_clk_reconfig/u_clk_wiz/inst/CLK_CORE_DRP_I/clk_inst/clk_out1 |                                                                                                                | scan_chain_controller/scan_ce                                                                  |                2 |              8 |         4.00 |
|  u_clk_sel/u_clk_reconfig/u_clk_wiz/inst/CLK_CORE_DRP_I/clk_inst/clk_out1 | scan_chain_controller/scan_chain[67]_i_1_n_0                                                                   |                                                                                                |                3 |              9 |         3.00 |
|  base/inst/clk_out1                                                       | u_clk_sel/u_clk_reconfig/u_clk_wiz/inst/AXI_LITE_IPIF_I/I_SLAVE_ATTACHMENT/I_DECODER/bus2ip_addr_i_reg[7][0]   |                                                                                                |                2 |              9 |         4.50 |
|  u_clk_sel/u_clk_reconfig/u_clk_wiz/inst/CLK_CORE_DRP_I/clk_inst/clk_out1 |                                                                                                                | spi_tick                                                                                       |                2 |              9 |         4.50 |
|  u_clk_sel/u_clk_reconfig/u_clk_wiz/inst/CLK_CORE_DRP_I/clk_inst/clk_out1 | u_rx/rx_code_reg[17][0]                                                                                        |                                                                                                |                3 |             10 |         3.33 |
|  base/inst/clk_out1                                                       | u_clk_sel/u_clk_reconfig/m_axil_awaddr__0[0]                                                                   |                                                                                                |                2 |             10 |         5.00 |
|  u_clk_sel/u_clk_reconfig/u_clk_wiz/inst/CLK_CORE_DRP_I/clk_inst/clk_out1 | u_rx/E[0]                                                                                                      |                                                                                                |                2 |             10 |         5.00 |
|  base/inst/clk_out1                                                       | u_clk_sel/new_multiply[0]                                                                                      |                                                                                                |                2 |             11 |         5.50 |
|  base/inst/clk_out1                                                       | u_clk_sel/u_clk_reconfig/lat_divide_0[0]                                                                       |                                                                                                |                2 |             11 |         5.50 |
|  base/inst/clk_out1                                                       | u_clk_sel/u_clk_reconfig/unlock_timer[10]_i_1_n_0                                                              |                                                                                                |                3 |             11 |         3.67 |
|  base/inst/clk_out1                                                       | u_clk_sel/u_clk_reconfig/u_clk_wiz/inst/CLK_CORE_DRP_I/mmcm_drp_inst/DI[15]_i_2_n_0                            | u_clk_sel/u_clk_reconfig/u_clk_wiz/inst/CLK_CORE_DRP_I/mmcm_drp_inst/DI[15]_i_1_n_0            |                4 |             16 |         4.00 |
|  u_clk_sel/u_clk_reconfig/u_clk_wiz/inst/CLK_CORE_DRP_I/clk_inst/clk_out1 | db_btn1/cmd_sample_pulse_reg                                                                                   | u_adc/tx_cnt[15]_i_1_n_0                                                                       |                5 |             16 |         3.20 |
|  u_clk_sel/u_clk_reconfig/u_clk_wiz/inst/CLK_CORE_DRP_I/clk_inst/clk_out1 | u_rx/rx_code_reg[18]_1[0]                                                                                      |                                                                                                |                4 |             16 |         4.00 |
|  base/inst/clk_out1                                                       |                                                                                                                | db_btn1/counter[0]_i_1_n_0                                                                     |                5 |             20 |         4.00 |
|  u_clk_sel/u_clk_reconfig/u_clk_wiz/inst/CLK_CORE_DRP_I/clk_inst/clk_out1 | shift_reg[24]_i_1_n_0                                                                                          |                                                                                                |                8 |             24 |         3.00 |
|  base/inst/clk_out1                                                       | u_clk_sel/u_clk_reconfig/u_clk_wiz/inst/AXI_LITE_IPIF_I/I_SLAVE_ATTACHMENT/I_DECODER/bus2ip_addr_i_reg[5]_4[0] | u_clk_sel/u_clk_reconfig/u_clk_wiz/inst/SOFT_RESET_I/RESET_FLOPS[15].RST_FLOPS_0               |               10 |             27 |         2.70 |
|  u_clk_sel/u_clk_reconfig/u_clk_wiz/inst/CLK_CORE_DRP_I/clk_inst/clk_out1 |                                                                                                                |                                                                                                |               17 |             31 |         1.82 |
|  u_clk_sel/u_clk_reconfig/u_clk_wiz/inst/CLK_CORE_DRP_I/clk_inst/clk_out1 | u_tx_fifo/U0/inst_fifo_gen/gconvfifo.rf/grf.rf/gntv_or_sync_fifo.gl0.wr/gwss.wsts/E[0]                         |                                                                                                |               11 |             34 |         3.09 |
|  u_clk_sel/u_clk_reconfig/u_clk_wiz/inst/CLK_CORE_DRP_I/clk_inst/clk_out1 | u_tx_fifo/U0/inst_fifo_gen/gconvfifo.rf/grf.rf/gntv_or_sync_fifo.gl0.rd/grss.rsts/ram_rd_en                    |                                                                                                |               15 |             41 |         2.73 |
|  base/inst/clk_out1                                                       |                                                                                                                | u_clk_sel/u_clk_reconfig/u_clk_wiz/inst/SOFT_RESET_I/RESET_FLOPS[15].RST_FLOPS_0               |               24 |             82 |         3.42 |
|  base/inst/clk_out1                                                       |                                                                                                                |                                                                                                |               45 |             96 |         2.13 |
|  base/inst/clk_out1                                                       | u_clk_sel/u_clk_reconfig/u_clk_wiz/inst/CLK_CORE_DRP_I/SEN                                                     |                                                                                                |               54 |            146 |         2.70 |
+---------------------------------------------------------------------------+----------------------------------------------------------------------------------------------------------------+------------------------------------------------------------------------------------------------+------------------+----------------+--------------+


