#-----------------------------------------------------------
# Vivado v2025.2 (64-bit)
# SW Build 6299465 on Fri Nov 14 12:34:56 MST 2025
# IP Build 6300035 on Fri Nov 14 10:48:45 MST 2025
# SharedData Build 6298862 on Thu Nov 13 04:50:51 MST 2025
# Start of session at: Thu Apr  2 21:21:36 2026
# Process ID         : 231810
# Current directory  : /home/frankie/WCIS/FLASH-ADC-CHARACTERIZATION/vivado projects/FINAL/fs_iterations/3M/3M.runs/synth_1
# Command line       : vivado -log top_v4.vds -product Vivado -mode batch -messageDb vivado.pb -notrace -source top_v4.tcl
# Log file           : /home/frankie/WCIS/FLASH-ADC-CHARACTERIZATION/vivado projects/FINAL/fs_iterations/3M/3M.runs/synth_1/top_v4.vds
# Journal file       : /home/frankie/WCIS/FLASH-ADC-CHARACTERIZATION/vivado projects/FINAL/fs_iterations/3M/3M.runs/synth_1/vivado.jou
# Running On         : rocco
# Platform           : Ubuntu
# Operating System   : Ubuntu 24.04.4 LTS
# Processor Detail   : 11th Gen Intel(R) Core(TM) i7-1195G7 @ 2.90GHz
# CPU Frequency      : 3200.000 MHz
# CPU Physical cores : 4
# CPU Logical cores  : 8
# Host memory        : 8058 MB
# Swap memory        : 4294 MB
# Total Virtual      : 12353 MB
# Available Virtual  : 6380 MB
#-----------------------------------------------------------
source top_v4.tcl -notrace
