#-----------------------------------------------------------
# Vivado v2025.2 (64-bit)
# SW Build 6299465 on Fri Nov 14 12:34:56 MST 2025
# IP Build 6300035 on Fri Nov 14 10:48:45 MST 2025
# SharedData Build 6298862 on Thu Nov 13 04:50:51 MST 2025
# Start of session at: Thu Apr  2 21:28:23 2026
# Process ID         : 245003
# Current directory  : /home/frankie/WCIS/FLASH-ADC-CHARACTERIZATION/vivado projects/FINAL/fs_iterations/1M/1M.runs/impl_1
# Command line       : vivado -log top_v4.vdi -applog -product Vivado -messageDb vivado.pb -mode batch -source top_v4.tcl -notrace
# Log file           : /home/frankie/WCIS/FLASH-ADC-CHARACTERIZATION/vivado projects/FINAL/fs_iterations/1M/1M.runs/impl_1/top_v4.vdi
# Journal file       : /home/frankie/WCIS/FLASH-ADC-CHARACTERIZATION/vivado projects/FINAL/fs_iterations/1M/1M.runs/impl_1/vivado.jou
# Running On         : rocco
# Platform           : Ubuntu
# Operating System   : Ubuntu 24.04.4 LTS
# Processor Detail   : 11th Gen Intel(R) Core(TM) i7-1195G7 @ 2.90GHz
# CPU Frequency      : 3605.863 MHz
# CPU Physical cores : 4
# CPU Logical cores  : 8
# Host memory        : 8058 MB
# Swap memory        : 4294 MB
# Total Virtual      : 12353 MB
# Available Virtual  : 6400 MB
#-----------------------------------------------------------
source top_v4.tcl -notrace
